nohup: 忽略输入
GPU7 第一次检测显存占用为 0 MiB，3 秒后再次确认...
GPU7 连续两次显存占用为 0 MiB，执行 Python 程序...
W1112 16:54:25.588000 1887847 site-packages/torch/distributed/run.py:803] 
W1112 16:54:25.588000 1887847 site-packages/torch/distributed/run.py:803] *****************************************
W1112 16:54:25.588000 1887847 site-packages/torch/distributed/run.py:803] Setting OMP_NUM_THREADS environment variable for each process to be 1 in default, to avoid your system being overloaded, please further tune the variable for optimal performance in your application as needed. 
W1112 16:54:25.588000 1887847 site-packages/torch/distributed/run.py:803] *****************************************
[dist initialize] mp method=spawn
[lrk=3, rk=3]
[dist initialize] mp method=spawn
[lrk=0, rk=0]
/root/miniconda3/envs/var/lib/python3.10/site-packages/torch/distributed/distributed_c10d.py:4876: UserWarning: barrier(): using the device under current context. You can specify `device_id` in `init_process_group` to mute this warning.
  warnings.warn(  # warn only once
[rank0]:[W1112 16:54:31.157842176 ProcessGroupNCCL.cpp:5068] Guessing device ID based on global rank. This can cause a hang if rank to GPU mapping is heterogeneous. You can specify device_id in init_process_group()
[dist initialize] mp method=spawn
[lrk=1, rk=1]
[dist initialize] mp method=spawn
[dist initialize] mp method=spawn
[lrk=6, rk=6]
[lrk=2, rk=2]
[dist initialize] mp method=spawn
[lrk=5, rk=5]
[dist initialize] mp method=spawn
[lrk=4, rk=4]
/root/miniconda3/envs/var/lib/python3.10/site-packages/torch/backends/__init__.py:46: UserWarning: Please use the new API settings to control TF32 behavior, such as torch.backends.cudnn.conv.fp32_precision = 'tf32' or torch.backends.cuda.matmul.fp32_precision = 'ieee'. Old settings, e.g, torch.backends.cuda.matmul.allow_tf32 = True, torch.backends.cudnn.allow_tf32 = True, allowTF32CuDNN() and allowTF32CuBLAS() will be deprecated after Pytorch 2.9. Please see https://pytorch.org/docs/main/notes/cuda.html#tensorfloat-32-tf32-on-ampere-and-later-devices (Triggered internally at /pytorch/aten/src/ATen/Context.cpp:80.)
  self.setter(val)
/root/miniconda3/envs/var/lib/python3.10/site-packages/torch/backends/__init__.py:46: UserWarning: Please use the new API settings to control TF32 behavior, such as torch.backends.cudnn.conv.fp32_precision = 'tf32' or torch.backends.cuda.matmul.fp32_precision = 'ieee'. Old settings, e.g, torch.backends.cuda.matmul.allow_tf32 = True, torch.backends.cudnn.allow_tf32 = True, allowTF32CuDNN() and allowTF32CuBLAS() will be deprecated after Pytorch 2.9. Please see https://pytorch.org/docs/main/notes/cuda.html#tensorfloat-32-tf32-on-ampere-and-later-devices (Triggered internally at /pytorch/aten/src/ATen/Context.cpp:80.)
  self.setter(val)
/root/miniconda3/envs/var/lib/python3.10/site-packages/torch/backends/__init__.py:46: UserWarning: Please use the new API settings to control TF32 behavior, such as torch.backends.cudnn.conv.fp32_precision = 'tf32' or torch.backends.cuda.matmul.fp32_precision = 'ieee'. Old settings, e.g, torch.backends.cuda.matmul.allow_tf32 = True, torch.backends.cudnn.allow_tf32 = True, allowTF32CuDNN() and allowTF32CuBLAS() will be deprecated after Pytorch 2.9. Please see https://pytorch.org/docs/main/notes/cuda.html#tensorfloat-32-tf32-on-ampere-and-later-devices (Triggered internally at /pytorch/aten/src/ATen/Context.cpp:80.)
  self.setter(val)
/root/miniconda3/envs/var/lib/python3.10/site-packages/torch/backends/__init__.py:46: UserWarning: Please use the new API settings to control TF32 behavior, such as torch.backends.cudnn.conv.fp32_precision = 'tf32' or torch.backends.cuda.matmul.fp32_precision = 'ieee'. Old settings, e.g, torch.backends.cuda.matmul.allow_tf32 = True, torch.backends.cudnn.allow_tf32 = True, allowTF32CuDNN() and allowTF32CuBLAS() will be deprecated after Pytorch 2.9. Please see https://pytorch.org/docs/main/notes/cuda.html#tensorfloat-32-tf32-on-ampere-and-later-devices (Triggered internally at /pytorch/aten/src/ATen/Context.cpp:80.)
  self.setter(val)
/root/miniconda3/envs/var/lib/python3.10/site-packages/torch/backends/__init__.py:46: UserWarning: Please use the new API settings to control TF32 behavior, such as torch.backends.cudnn.conv.fp32_precision = 'tf32' or torch.backends.cuda.matmul.fp32_precision = 'ieee'. Old settings, e.g, torch.backends.cuda.matmul.allow_tf32 = True, torch.backends.cudnn.allow_tf32 = True, allowTF32CuDNN() and allowTF32CuBLAS() will be deprecated after Pytorch 2.9. Please see https://pytorch.org/docs/main/notes/cuda.html#tensorfloat-32-tf32-on-ampere-and-later-devices (Triggered internally at /pytorch/aten/src/ATen/Context.cpp:80.)
  self.setter(val)
/root/miniconda3/envs/var/lib/python3.10/site-packages/torch/backends/__init__.py:46: UserWarning: Please use the new API settings to control TF32 behavior, such as torch.backends.cudnn.conv.fp32_precision = 'tf32' or torch.backends.cuda.matmul.fp32_precision = 'ieee'. Old settings, e.g, torch.backends.cuda.matmul.allow_tf32 = True, torch.backends.cudnn.allow_tf32 = True, allowTF32CuDNN() and allowTF32CuBLAS() will be deprecated after Pytorch 2.9. Please see https://pytorch.org/docs/main/notes/cuda.html#tensorfloat-32-tf32-on-ampere-and-later-devices (Triggered internally at /pytorch/aten/src/ATen/Context.cpp:80.)
  self.setter(val)
/root/miniconda3/envs/var/lib/python3.10/site-packages/torch/backends/__init__.py:46: UserWarning: Please use the new API settings to control TF32 behavior, such as torch.backends.cudnn.conv.fp32_precision = 'tf32' or torch.backends.cuda.matmul.fp32_precision = 'ieee'. Old settings, e.g, torch.backends.cuda.matmul.allow_tf32 = True, torch.backends.cudnn.allow_tf32 = True, allowTF32CuDNN() and allowTF32CuBLAS() will be deprecated after Pytorch 2.9. Please see https://pytorch.org/docs/main/notes/cuda.html#tensorfloat-32-tf32-on-ampere-and-later-devices (Triggered internally at /pytorch/aten/src/ATen/Context.cpp:80.)
  self.setter(val)
[11-12 16:54:32] (_train/utils/arg_util.py, line 241)=> [tf32] [precis] torch.get_float32_matmul_precision(): high
[11-12 16:54:32] (_train/utils/arg_util.py, line 242)=> [tf32] [ conv ] torch.backends.cudnn.allow_tf32: True
[11-12 16:54:32] (_train/utils/arg_util.py, line 243)=> [tf32] [matmul] torch.backends.cuda.matmul.allow_tf32: True
[11-12 16:54:32] (_train/utils/arg_util.py, line 190)=> [蒸馏参数验证] 通过 - 类型:scale_aware, 权重:0.7/0.3
[11-12 16:54:32] (distill/train_distill.py, line 269)=> [参数验证] 蒸馏参数验证通过
2025-11-12 16:54:32.935800: I tensorflow/core/util/port.cc:153] oneDNN custom operations are on. You may see slightly different numerical results due to floating-point round-off errors from different computation orders. To turn them off, set the environment variable `TF_ENABLE_ONEDNN_OPTS=0`.
2025-11-12 16:54:32.989453: I tensorflow/core/platform/cpu_feature_guard.cc:210] This TensorFlow binary is optimized to use available CPU instructions in performance-critical operations.
To enable the following instructions: AVX2 AVX512F AVX512_VNNI AVX512_BF16 AVX512_FP16 AVX_VNNI AMX_TILE AMX_INT8 AMX_BF16 FMA, in other operations, rebuild TensorFlow with the appropriate compiler flags.
2025-11-12 16:54:34.104127: I tensorflow/core/util/port.cc:153] oneDNN custom operations are on. You may see slightly different numerical results due to floating-point round-off errors from different computation orders. To turn them off, set the environment variable `TF_ENABLE_ONEDNN_OPTS=0`.
/root/miniconda3/envs/var/lib/python3.10/site-packages/torch/distributed/distributed_c10d.py:4876: UserWarning: barrier(): using the device under current context. You can specify `device_id` in `init_process_group` to mute this warning.
  warnings.warn(  # warn only once
[11-12 16:54:35] (distill/train_distill.py, line  63)=> global bs=259, local bs=37
[11-12 16:54:35] (distill/train_distill.py, line  64)=> initial args:\n{
  data_path           : /home/project/ImageNet-1K
  exp_name            : text
  vfast               : 0
  vae_path            : /home/project/daily/AR/model_zoo/vae_ch160v4096z32.pth
  var_path            : /home/project/real_prune/VAR_train/distill_d16_scale_aware_256_0.6_3_fromft20_pro+awa_0.6_0/ar-ckpt-last.pth
  tfast               : 0
  depth               : 16
  sparsity            : 0.4
  ini                 : -1
  hd                  : 0.02
  aln                 : 0.5
  alng                : 0.001
  fp16                : 1
  tblr                : 0.0001
  tlr                 : 0.00010117187500000001
  twd                 : 0.05
  twde                : 0.05
  tclip               : 2.0
  ls                  : 0.0
  maxlayer            : 16
  bs                  : 259
  batch_size          : 37
  glb_batch_size      : 259
  ac                  : 1
  ep                  : 20
  wp                  : 0.4
  wp0                 : 0.005
  wpe                 : 0.1
  sche                : lin0.6
  opt                 : adamw
  afuse               : True
  saln                : False
  anorm               : True
  fuse                : True
  pn                  : 1_2_3_4_5_6_8_10_13_16
  patch_size          : 16
  patch_nums          : (1, 2, 3, 4, 5, 6, 8, 10, 13, 16)
  resos               : (16, 32, 48, 64, 80, 96, 128, 160, 208, 256)
  data_load_reso      : 256
  mid_reso            : 1.125
  hflip               : False
  workers             : 0
  pg                  : 0.6
  pg0                 : 1
  pgwp                : 0.06666666666666667
  ckpt_save_interval  : 1
  cmd                 : --enable_distillation=1 --teacher_model_path=/home/project/daily/AR/model_zoo/var_d16.pth --teacher_depth=16 --distill_type=scale_aware --scale_weights_str=2.0,1.8,1.6,1.4,1.2,1.0,0.8,0.6,0.4,0.2 --distill_alpha=0.7 --distill_beta=0.3 --depth=16 --bs=256 --ep=20 --fp16=1 --alng=1e-3 --wpe=0.1 --sparsity=0.4 --var_path=/home/project/real_prune/VAR_train/distill_d16_scale_aware_256_0.6_3_fromft20_pro+awa_0.6_0/ar-ckpt-last.pth --vae_path=/home/project/daily/AR/model_zoo/vae_ch160v4096z32.pth --data_path=/home/project/ImageNet-1K --local_out_dir_path=/home/project/real_prune/VAR_train/distill_d16_scale_aware_256_0.6_3_fromft20_pro+awa_0.6_0_20+20 --pg=0.6 --pg0=1
  branch              : main
  commit_id           : 47e3e1552586935e2af7cbeec34c6a14ab127eec
  commit_msg          : 11.10
  acc_mean            : None
  acc_tail            : None
  L_mean              : None
  L_tail              : None
  vacc_mean           : None
  vacc_tail           : None
  vL_mean             : None
  vL_tail             : None
  grad_norm           : None
  cur_lr              : None
  cur_wd              : None
  cur_it              : 
  cur_ep              : 
  remain_time         : 
  finish_time         : 
  local_out_dir_path  : /home/project/real_prune/VAR_train/distill_d16_scale_aware_256_0.6_3_fromft20_pro+awa_0.6_0_20+20
  tb_log_dir_path     : /home/project/real_prune/VAR_train/distill_d16_scale_aware_256_0.6_3_fromft20_pro+awa_0.6_0_20+20/tb-VARd16__pn1_2_3_4_5_6_8_10_13_16__b259ep20adamlr0.0001wd0.05
  log_txt_path        : /home/project/real_prune/VAR_train/distill_d16_scale_aware_256_0.6_3_fromft20_pro+awa_0.6_0_20+20/log.txt
  last_ckpt_path      : /home/project/real_prune/VAR_train/distill_d16_scale_aware_256_0.6_3_fromft20_pro+awa_0.6_0_20+20/ar-ckpt-last.pth
  tf32                : True
  seed                : None
  transfer            : False
  enable_distillation : True
  teacher_model_path  : /home/project/daily/AR/model_zoo/var_d16.pth
  teacher_depth       : 16
  distill_type        : scale_aware
  distill_alpha       : 0.7
  distill_beta        : 0.3
  distill_temperature : 4.0
  scale_weights_str   : 2.0,1.8,1.6,1.4,1.2,1.0,0.8,0.6,0.4,0.2
  use_feature_distill : False
  feature_layers_str  : 4,8,12,15
  use_attention_distill: False
  distill_warmup_epochs: 5
  distill_schedule    : constant
  same_seed_for_all_ranks: 0
  local_debug         : False
  dbg_nan             : False
}

[11-12 16:54:35] (distill/train_distill.py, line  68)=> [build PT data] ...\n
[11-12 16:54:37] (/VAR_train/utils/data.py, line  34)=> [Dataset] len(train_set)=1281167, len(val_set)=50000, num_classes=1000
[11-12 16:54:37] (/VAR_train/utils/data.py, line  48)=> Transform [train] = 
[11-12 16:54:37] (/VAR_train/utils/data.py, line  51)=> Resize(size=288, interpolation=lanczos, max_size=None, antialias=True)
[11-12 16:54:37] (/VAR_train/utils/data.py, line  51)=> RandomCrop(size=(256, 256), padding=None)
[11-12 16:54:37] (/VAR_train/utils/data.py, line  51)=> ToTensor()
[11-12 16:54:37] (/VAR_train/utils/data.py, line  51)=> <function normalize_01_into_pm1 at 0x7fc1a8561fc0>
[11-12 16:54:37] (/VAR_train/utils/data.py, line  54)=> ---------------------------

[11-12 16:54:37] (/VAR_train/utils/data.py, line  48)=> Transform [val] = 
[11-12 16:54:37] (/VAR_train/utils/data.py, line  51)=> Resize(size=288, interpolation=lanczos, max_size=None, antialias=True)
[11-12 16:54:37] (/VAR_train/utils/data.py, line  51)=> CenterCrop(size=(256, 256))
[11-12 16:54:37] (/VAR_train/utils/data.py, line  51)=> ToTensor()
[11-12 16:54:37] (/VAR_train/utils/data.py, line  51)=> <function normalize_01_into_pm1 at 0x7fc1a8561fc0>
[11-12 16:54:37] (/VAR_train/utils/data.py, line  54)=> ---------------------------

[11-12 16:54:37] (distill/train_distill.py, line  91)=> [auto_resume] no ckpt found @ /home/project/real_prune/VAR_train/distill_d16_scale_aware_256_0.6_3_fromft20_pro+awa_0.6_0_20+20/ar-ckpt-best*.pth
[11-12 16:54:37] (distill/train_distill.py, line  91)=> [auto_resume quit]
[11-12 16:54:37] (distill/train_distill.py, line  92)=> [dataloader multi processing] ...     [dataloader multi processing](*) finished! (0.00s)
[11-12 16:54:37] (distill/train_distill.py, line  98)=> [dataloader] gbs=259, lbs=37, iters_train=4947, types(tr, va)=('DatasetFolder', 'DatasetFolder')
[11-12 16:54:37] (/VAR_train/models/var.py, line 102)=> 
[constructor]  ==== flash_if_available=True (0/16), fused_if_available=True (fusing_add_ln=0/16, fusing_mlp=0/16) ==== 
    [VAR config ] embed_dim=1024, num_heads=16, depth=16, mlp_ratio=4.0
    [drop ratios ] drop_rate=0.0, attn_drop_rate=0.0, drop_path_rate=0.0666667 (tensor([0.0000, 0.0044, 0.0089, 0.0133, 0.0178, 0.0222, 0.0267, 0.0311, 0.0356,
        0.0400, 0.0444, 0.0489, 0.0533, 0.0578, 0.0622, 0.0667]))

[11-12 16:54:37] (/VAR_train/models/var.py, line 259)=> [init_weights] VAR with init_std=0.0180422
[11-12 16:54:37] (distill/train_distill.py, line 123)=> [学生模型] 首次训练，加载初始权重: /home/project/real_prune/VAR_train/distill_d16_scale_aware_256_0.6_3_fromft20_pro+awa_0.6_0/ar-ckpt-last.pth
[11-12 16:54:39] (distill/train_distill.py, line 126)=> [学生模型] 检测到训练checkpoint格式，提取模型权重...
[11-12 16:54:39] (distill/train_distill.py, line 130)=> [学生模型] 成功加载初始权重
[11-12 16:54:40] (distill/train_distill.py, line 153)=> [INIT] VAR model = VAR(
  drop_path_rate=0.0666667
  (word_embed): Linear(in_features=32, out_features=1024, bias=True)
  (class_emb): Embedding(1001, 1024)
  (lvl_embed): Embedding(10, 1024)
  (shared_ada_lin): Identity()
  (blocks): ModuleList(
    (0): AdaLNSelfAttn(
      shared_aln=False
      (drop_path): Identity()
      (attn): SelfAttention(
        using_flash=False, using_xform=False, attn_l2_norm=True
        (mat_qkv): Linear(in_features=1024, out_features=1920, bias=False)
        (proj): Linear(in_features=640, out_features=1024, bias=True)
        (proj_drop): Identity()
      )
      (ffn): FFN(
        fused_mlp_func=False
        (fc1): Linear(in_features=1024, out_features=2458, bias=True)
        (act): GELU(approximate='tanh')
        (fc2): Linear(in_features=2458, out_features=1024, bias=True)
        (drop): Identity()
      )
      (ln_wo_grad): LayerNorm((1024,), eps=1e-06, elementwise_affine=False)
      (ada_lin): Sequential(
        (0): SiLU()
        (1): Linear(in_features=1024, out_features=6144, bias=True)
      )
    )
    (1-15): 15 x AdaLNSelfAttn(
      shared_aln=False
      (drop_path): DropPath((drop_prob=...))
      (attn): SelfAttention(
        using_flash=False, using_xform=False, attn_l2_norm=True
        (mat_qkv): Linear(in_features=1024, out_features=1920, bias=False)
        (proj): Linear(in_features=640, out_features=1024, bias=True)
        (proj_drop): Identity()
      )
      (ffn): FFN(
        fused_mlp_func=False
        (fc1): Linear(in_features=1024, out_features=2458, bias=True)
        (act): GELU(approximate='tanh')
        (fc2): Linear(in_features=2458, out_features=1024, bias=True)
        (drop): Identity()
      )
      (ln_wo_grad): LayerNorm((1024,), eps=1e-06, elementwise_affine=False)
      (ada_lin): Sequential(
        (0): SiLU()
        (1): Linear(in_features=1024, out_features=6144, bias=True)
      )
    )
  )
  (head_nm): AdaLNBeforeHead(
    (ln_wo_grad): LayerNorm((1024,), eps=1e-06, elementwise_affine=False)
    (ada_lin): Sequential(
      (0): SiLU()
      (1): Linear(in_features=1024, out_features=2048, bias=True)
    )
  )
  (head): Linear(in_features=1024, out_features=4096, bias=True)
)\n\n
[11-12 16:54:40] (distill/train_distill.py, line 155)=> [INIT][#para] VAE=108.95, VAE.enc=44.11, VAE.dec=64.65, VAE.quant=0.17
[11-12 16:54:40] (distill/train_distill.py, line 156)=> [INIT][#para] VAR=231.41\n\n
[11-12 16:54:40] (distill/train_distill.py, line 161)=> \n============================================================
[11-12 16:54:40] (distill/train_distill.py, line 162)=> 开始加载教师模型...
[11-12 16:54:40] (distill/distill_utils.py, line  31)=> [加载教师模型] 路径: /home/project/daily/AR/model_zoo/var_d16.pth
[11-12 16:54:40] (distill/distill_utils.py, line  32)=> [加载教师模型] 深度: 16
[11-12 16:54:40] (distill/distill_utils.py, line  39)=> [加载教师模型] 构建模型架构...
[11-12 16:54:40] (distill/distill_utils.py, line  46)=> [加载教师模型] 临时设置 sparsity=0 (原值=0.4)
[11-12 16:54:40] (/VAR_train/models/var.py, line 102)=> 
[constructor]  ==== flash_if_available=True (0/16), fused_if_available=True (fusing_add_ln=0/16, fusing_mlp=0/16) ==== 
    [VAR config ] embed_dim=1024, num_heads=16, depth=16, mlp_ratio=4.0
    [drop ratios ] drop_rate=0.0, attn_drop_rate=0.0, drop_path_rate=0.0666667 (tensor([0.0000, 0.0044, 0.0089, 0.0133, 0.0178, 0.0222, 0.0267, 0.0311, 0.0356,
        0.0400, 0.0444, 0.0489, 0.0533, 0.0578, 0.0622, 0.0667]))

[11-12 16:54:40] (/VAR_train/models/var.py, line 259)=> [init_weights] VAR with init_std=0.0180422
[11-12 16:54:40] (distill/distill_utils.py, line  62)=> [加载教师模型] 恢复 sparsity=0.4
[11-12 16:54:40] (distill/distill_utils.py, line  65)=> [加载教师模型] 加载权重...
[11-12 16:54:41] (distill/distill_utils.py, line  79)=> [加载教师模型] 直接加载模型权重
[11-12 16:54:41] (distill/distill_utils.py, line  89)=> [加载教师模型] 成功加载，参数量: 310.28M
[11-12 16:54:41] (distill/distill_utils.py, line  90)=> [加载教师模型] 已冻结参数: 310.28M
[11-12 16:54:41] (distill/train_distill.py, line 165)=> 教师模型加载成功
[11-12 16:54:41] (distill/train_distill.py, line 170)=> ======== 蒸馏配置摘要 ========
蒸馏类型: scale_aware
教师模型: var_d16.pth (深度=16)
损失权重: 任务=0.70, 蒸馏=0.30
蒸馏温度: 4.0
尺度权重: [2.0, 1.8, ..., 0.2]
==============================
[11-12 16:54:41] (distill/train_distill.py, line 177)=> ============================================================\n
[11-12 16:54:41] (rain/utils/lr_control.py, line  99)=> [get_param_groups] param_groups = 
{ 'D': { 'lr_sc': 1.0,
         'params': "('word_embed.weight, class_emb.weight, blocks.0.attn.mat_qkv.weight, blocks.0.attn.proj.weight, blocks.0.ffn.fc1.weight, blocks.0.ffn.fc2.weight, blocks.0.ada_lin.1.weight, '\n"
                   " 'blocks.1.attn.mat_qkv.weight, blocks.1.attn.proj.weight, blocks.1.ffn.fc1.weight, blocks.1.ffn.fc2.weight, blocks.1.ada_lin.1.weight, blocks.2.attn.mat_qkv.weight, blocks.2.attn.proj.weight, '\n"
                   " 'blocks.2.ffn.fc1.weight, blocks.2.ffn.fc2.weight, blocks.2.ada_lin.1.weight, blocks.3.attn.mat_qkv.weight, blocks.3.attn.proj.weight, blocks.3.ffn.fc1.weight, blocks.3.ffn.fc2.weight, '\n"
                   " 'blocks.3.ada_lin.1.weight, blocks.4.attn.mat_qkv.weight, blocks.4.attn.proj.weight, blocks.4.ffn.fc1.weight, blocks.4.ffn.fc2.weight, blocks.4.ada_lin.1.weight, blocks.5.attn.mat_qkv.weight, '\n"
                   " 'blocks.5.attn.proj.weight, blocks.5.ffn.fc1.weight, blocks.5.ffn.fc2.weight, blocks.5.ada_lin.1.weight, blocks.6.attn.mat_qkv.weight, blocks.6.attn.proj.weight, blocks.6.ffn.fc1.weight, '\n"
                   " 'blocks.6.ffn.fc2.weight, blocks.6.ada_lin.1.weight, blocks.7.attn.mat_qkv.weight, blocks.7.attn.proj.weight, blocks.7.ffn.fc1.weight, blocks.7.ffn.fc2.weight, blocks.7.ada_lin.1.weight, '\n"
                   " 'blocks.8.attn.mat_qkv.weight, blocks.8.attn.proj.weight, blocks.8.ffn.fc1.weight, blocks.8.ffn.fc2.weight, blocks.8.ada_lin.1.weight, blocks.9.attn.mat_qkv.weight, blocks.9.attn.proj.weight, '\n"
                   " 'blocks.9.ffn.fc1.weight, blocks.9.ffn.fc2.weight, blocks.9.ada_lin.1.weight, blocks.10.attn.mat_qkv.weight, blocks.10.attn.proj.weight, blocks.10.ffn.fc1.weight, blocks.10.ffn.fc2.weight, '\n"
                   " 'blocks.10.ada_lin.1.weight, blocks.11.attn.mat_qkv.weight, blocks.11.attn.proj.weight, blocks.11.ffn.fc1.weight, blocks.11.ffn.fc2.weight, blocks.11.ada_lin.1.weight, '\n"
                   " 'blocks.12.attn.mat_qkv.weight, blocks.12.attn.proj.weight, blocks.12.ffn.fc1.weight, blocks.12.ffn.fc2.weight, blocks.12.ada_lin.1.weight, blocks.13.attn.mat_qkv.weight, '\n"
                   " 'blocks.13.attn.proj.weight, blocks.13.ffn.fc1.weight, blocks.13.ffn.fc2.weight, blocks.13.ada_lin.1.weight, blocks.14.attn.mat_qkv.weight, blocks.14.attn.proj.weight, blocks.14.ffn.fc1.weight, '\n"
                   " 'blocks.14.ffn.fc2.weight, blocks.14.ada_lin.1.weight, blocks.15.attn.mat_qkv.weight, blocks.15.attn.proj.weight, blocks.15.ffn.fc1.weight, blocks.15.ffn.fc2.weight, blocks.15.ada_lin.1.weight, '\n"
                   " 'head_nm.ada_lin.1.weight, head.weight')",
         'wd_sc': 1.0},
  'ND': { 'lr_sc': 1.0,
          'params': "('pos_start, pos_1LC, word_embed.bias, lvl_embed.weight, blocks.0.attn.scale_mul_1H11, blocks.0.attn.q_bias, blocks.0.attn.v_bias, blocks.0.attn.proj.bias, blocks.0.ffn.fc1.bias, '\n"
                    " 'blocks.0.ffn.fc2.bias, blocks.0.ada_lin.1.bias, blocks.1.attn.scale_mul_1H11, blocks.1.attn.q_bias, blocks.1.attn.v_bias, blocks.1.attn.proj.bias, blocks.1.ffn.fc1.bias, blocks.1.ffn.fc2.bias, '\n"
                    " 'blocks.1.ada_lin.1.bias, blocks.2.attn.scale_mul_1H11, blocks.2.attn.q_bias, blocks.2.attn.v_bias, blocks.2.attn.proj.bias, blocks.2.ffn.fc1.bias, blocks.2.ffn.fc2.bias, blocks.2.ada_lin.1.bias, '\n"
                    " 'blocks.3.attn.scale_mul_1H11, blocks.3.attn.q_bias, blocks.3.attn.v_bias, blocks.3.attn.proj.bias, blocks.3.ffn.fc1.bias, blocks.3.ffn.fc2.bias, blocks.3.ada_lin.1.bias, '\n"
                    " 'blocks.4.attn.scale_mul_1H11, blocks.4.attn.q_bias, blocks.4.attn.v_bias, blocks.4.attn.proj.bias, blocks.4.ffn.fc1.bias, blocks.4.ffn.fc2.bias, blocks.4.ada_lin.1.bias, '\n"
                    " 'blocks.5.attn.scale_mul_1H11, blocks.5.attn.q_bias, blocks.5.attn.v_bias, blocks.5.attn.proj.bias, blocks.5.ffn.fc1.bias, blocks.5.ffn.fc2.bias, blocks.5.ada_lin.1.bias, '\n"
                    " 'blocks.6.attn.scale_mul_1H11, blocks.6.attn.q_bias, blocks.6.attn.v_bias, blocks.6.attn.proj.bias, blocks.6.ffn.fc1.bias, blocks.6.ffn.fc2.bias, blocks.6.ada_lin.1.bias, '\n"
                    " 'blocks.7.attn.scale_mul_1H11, blocks.7.attn.q_bias, blocks.7.attn.v_bias, blocks.7.attn.proj.bias, blocks.7.ffn.fc1.bias, blocks.7.ffn.fc2.bias, blocks.7.ada_lin.1.bias, '\n"
                    " 'blocks.8.attn.scale_mul_1H11, blocks.8.attn.q_bias, blocks.8.attn.v_bias, blocks.8.attn.proj.bias, blocks.8.ffn.fc1.bias, blocks.8.ffn.fc2.bias, blocks.8.ada_lin.1.bias, '\n"
                    " 'blocks.9.attn.scale_mul_1H11, blocks.9.attn.q_bias, blocks.9.attn.v_bias, blocks.9.attn.proj.bias, blocks.9.ffn.fc1.bias, blocks.9.ffn.fc2.bias, blocks.9.ada_lin.1.bias, '\n"
                    " 'blocks.10.attn.scale_mul_1H11, blocks.10.attn.q_bias, blocks.10.attn.v_bias, blocks.10.attn.proj.bias, blocks.10.ffn.fc1.bias, blocks.10.ffn.fc2.bias, blocks.10.ada_lin.1.bias, '\n"
                    " 'blocks.11.attn.scale_mul_1H11, blocks.11.attn.q_bias, blocks.11.attn.v_bias, blocks.11.attn.proj.bias, blocks.11.ffn.fc1.bias, blocks.11.ffn.fc2.bias, blocks.11.ada_lin.1.bias, '\n"
                    " 'blocks.12.attn.scale_mul_1H11, blocks.12.attn.q_bias, blocks.12.attn.v_bias, blocks.12.attn.proj.bias, blocks.12.ffn.fc1.bias, blocks.12.ffn.fc2.bias, blocks.12.ada_lin.1.bias, '\n"
                    " 'blocks.13.attn.scale_mul_1H11, blocks.13.attn.q_bias, blocks.13.attn.v_bias, blocks.13.attn.proj.bias, blocks.13.ffn.fc1.bias, blocks.13.ffn.fc2.bias, blocks.13.ada_lin.1.bias, '\n"
                    " 'blocks.14.attn.scale_mul_1H11, blocks.14.attn.q_bias, blocks.14.attn.v_bias, blocks.14.attn.proj.bias, blocks.14.ffn.fc1.bias, blocks.14.ffn.fc2.bias, blocks.14.ada_lin.1.bias, '\n"
                    " 'blocks.15.attn.scale_mul_1H11, blocks.15.attn.q_bias, blocks.15.attn.v_bias, blocks.15.attn.proj.bias, blocks.15.ffn.fc1.bias, blocks.15.ffn.fc2.bias, blocks.15.ada_lin.1.bias, '\n"
                    " 'head_nm.ada_lin.1.bias, head.bias')",
          'wd_sc': 0.0}}

[11-12 16:54:41] (rain/utils/lr_control.py, line 104)=> [get_param_groups][rank0] type(model).__name__='VAR' count=202, numel=231405120
[11-12 16:54:41] (rain/utils/lr_control.py, line 104)=> [get_param_groups][rank1] type(model).__name__='VAR' count=202, numel=231405120
[11-12 16:54:41] (rain/utils/lr_control.py, line 104)=> [get_param_groups][rank2] type(model).__name__='VAR' count=202, numel=231405120
[11-12 16:54:41] (rain/utils/lr_control.py, line 104)=> [get_param_groups][rank3] type(model).__name__='VAR' count=202, numel=231405120
[11-12 16:54:41] (rain/utils/lr_control.py, line 104)=> [get_param_groups][rank4] type(model).__name__='VAR' count=202, numel=231405120
[11-12 16:54:41] (rain/utils/lr_control.py, line 104)=> [get_param_groups][rank5] type(model).__name__='VAR' count=202, numel=231405120
[11-12 16:54:41] (rain/utils/lr_control.py, line 105)=> 
[11-12 16:54:41] (distill/train_distill.py, line 192)=> [INIT] optim=functools.partial(<class 'torch.optim.adamw.AdamW'>, betas=(0.9, 0.95), fused=True), opt_kw={'lr': 0.00010117187500000001, 'weight_decay': 0}\n
/home/project/real_prune/VAR_train/utils/amp_sc.py:27: FutureWarning: `torch.cuda.amp.GradScaler(args...)` is deprecated. Please use `torch.amp.GradScaler('cuda', args...)` instead.
  self.scaler = torch.cuda.amp.GradScaler(init_scale=2. ** 11, growth_interval=1000) if self.using_fp16_rather_bf16 else None # only fp16 needs a scaler
/home/project/real_prune/VAR_train/utils/amp_sc.py:27: FutureWarning: `torch.cuda.amp.GradScaler(args...)` is deprecated. Please use `torch.amp.GradScaler('cuda', args...)` instead.
  self.scaler = torch.cuda.amp.GradScaler(init_scale=2. ** 11, growth_interval=1000) if self.using_fp16_rather_bf16 else None # only fp16 needs a scaler
/home/project/real_prune/VAR_train/utils/amp_sc.py:27: FutureWarning: `torch.cuda.amp.GradScaler(args...)` is deprecated. Please use `torch.amp.GradScaler('cuda', args...)` instead.
  self.scaler = torch.cuda.amp.GradScaler(init_scale=2. ** 11, growth_interval=1000) if self.using_fp16_rather_bf16 else None # only fp16 needs a scaler
/home/project/real_prune/VAR_train/utils/amp_sc.py:27: FutureWarning: `torch.cuda.amp.GradScaler(args...)` is deprecated. Please use `torch.amp.GradScaler('cuda', args...)` instead.
  self.scaler = torch.cuda.amp.GradScaler(init_scale=2. ** 11, growth_interval=1000) if self.using_fp16_rather_bf16 else None # only fp16 needs a scaler
/home/project/real_prune/VAR_train/utils/amp_sc.py:27: FutureWarning: `torch.cuda.amp.GradScaler(args...)` is deprecated. Please use `torch.amp.GradScaler('cuda', args...)` instead.
  self.scaler = torch.cuda.amp.GradScaler(init_scale=2. ** 11, growth_interval=1000) if self.using_fp16_rather_bf16 else None # only fp16 needs a scaler
/home/project/real_prune/VAR_train/utils/amp_sc.py:27: FutureWarning: `torch.cuda.amp.GradScaler(args...)` is deprecated. Please use `torch.amp.GradScaler('cuda', args...)` instead.
  self.scaler = torch.cuda.amp.GradScaler(init_scale=2. ** 11, growth_interval=1000) if self.using_fp16_rather_bf16 else None # only fp16 needs a scaler
[11-12 16:54:41] (l/distillation_losses.py, line  45)=> [蒸馏损失] 类型=scale_aware, 温度=4.0
[11-12 16:54:41] (l/distillation_losses.py, line  46)=> [尺度权重] [2.0, 1.8, 1.6, 1.4, 1.2, 1.0, 0.8, 0.6, 0.4, 0.2]
[11-12 16:54:41] (/distillation_trainer.py, line  65)=> [蒸馏训练器] 教师模型已冻结
[11-12 16:54:41] (/distillation_trainer.py, line  66)=> [蒸馏训练器] 教师参数: 310.28M (310.28M已冻结)
[11-12 16:54:41] (distill/distill_utils.py, line 166)=> [兼容性检查] 教师模型参数: 310.28M
[11-12 16:54:41] (distill/distill_utils.py, line 167)=> [兼容性检查] 学生模型参数: 231.41M
[11-12 16:54:41] (distill/distill_utils.py, line 168)=> [兼容性检查] 压缩比: 74.58%
[11-12 16:54:41] (distill/distill_utils.py, line 175)=> [兼容性检查] 词汇表大小: 4096
[11-12 16:54:41] (distill/distill_utils.py, line 180)=> [兼容性检查] 序列长度: 680
[11-12 16:54:41] (distill/distill_utils.py, line 185)=> [兼容性检查] patch配置: (1, 2, 3, 4, 5, 6, 8, 10, 13, 16)
[11-12 16:54:41] (distill/distill_utils.py, line 187)=> [兼容性检查] 通过
[11-12 16:54:41] (/distillation_trainer.py, line  73)=> [蒸馏训练器] 初始化完成
[11-12 16:54:41] (/distillation_trainer.py, line  74)=> [蒸馏训练器] 蒸馏类型: scale_aware
[11-12 16:54:41] (/distillation_trainer.py, line  75)=> [蒸馏训练器] 损失权重: 任务=0.70, 蒸馏=0.30
[11-12 16:54:41] (distill/train_distill.py, line 209)=> [训练器] 使用蒸馏训练器 (DistillationVARTrainer)
[11-12 16:54:41] (distill/train_distill.py, line 210)=> [蒸馏模式] scale_aware 蒸馏，权重 0.7/0.3
[11-12 16:54:41] (distill/train_distill.py, line 224)=> [训练器] 使用初始状态，从 epoch 0 开始
[11-12 16:54:41] (rain/utils/lr_control.py, line 104)=> [get_param_groups][rank6] type(model).__name__='VAR' count=202, numel=231405120
/home/project/real_prune/VAR_train/utils/amp_sc.py:27: FutureWarning: `torch.cuda.amp.GradScaler(args...)` is deprecated. Please use `torch.amp.GradScaler('cuda', args...)` instead.
  self.scaler = torch.cuda.amp.GradScaler(init_scale=2. ** 11, growth_interval=1000) if self.using_fp16_rather_bf16 else None # only fp16 needs a scaler
/home/project/real_prune/VAR_train/models/var.py:220: FutureWarning: `torch.cuda.amp.autocast(args...)` is deprecated. Please use `torch.amp.autocast('cuda', args...)` instead.
  with torch.cuda.amp.autocast(enabled=False):
/home/project/real_prune/VAR_train/models/var.py:220: FutureWarning: `torch.cuda.amp.autocast(args...)` is deprecated. Please use `torch.amp.autocast('cuda', args...)` instead.
  with torch.cuda.amp.autocast(enabled=False):
/home/project/real_prune/VAR_train/models/var.py:220: FutureWarning: `torch.cuda.amp.autocast(args...)` is deprecated. Please use `torch.amp.autocast('cuda', args...)` instead.
  with torch.cuda.amp.autocast(enabled=False):
/home/project/real_prune/VAR_train/models/var.py:220: FutureWarning: `torch.cuda.amp.autocast(args...)` is deprecated. Please use `torch.amp.autocast('cuda', args...)` instead.
  with torch.cuda.amp.autocast(enabled=False):
/home/project/real_prune/VAR_train/models/var.py:220: FutureWarning: `torch.cuda.amp.autocast(args...)` is deprecated. Please use `torch.amp.autocast('cuda', args...)` instead.
  with torch.cuda.amp.autocast(enabled=False):
/home/project/real_prune/VAR_train/models/var.py:220: FutureWarning: `torch.cuda.amp.autocast(args...)` is deprecated. Please use `torch.amp.autocast('cuda', args...)` instead.
  with torch.cuda.amp.autocast(enabled=False):
/home/project/real_prune/VAR_train/models/var.py:220: FutureWarning: `torch.cuda.amp.autocast(args...)` is deprecated. Please use `torch.amp.autocast('cuda', args...)` instead.
  with torch.cuda.amp.autocast(enabled=False):
[11-12 16:54:42] (/VAR_train/utils/misc.py, line 314)=> [Ep]: [   0/20]  [   0/4947]  eta: 1:41:35  tlr: 5.1e-07  tnm: 0.00  Lm: 5.990 (5.990)  Lt: -1.000 (-1.000)  Accm: 3.24 (3.24)  Acct: -1.00 (-1.00)  TaskL: 0.0440 (0.0440)  DistillL: 1.3234 (1.3234)  TotalL: 1.3674 (1.3674)  time: 1.2322  data: 0.2655
/root/miniconda3/envs/var/lib/python3.10/site-packages/torch/utils/data/_utils/pin_memory.py:57: DeprecationWarning: The argument 'device' of Tensor.pin_memory() is deprecated. Please do not pass this argument. (Triggered internally at /pytorch/aten/src/ATen/native/Memory.cpp:46.)
  return data.pin_memory(device)
/root/miniconda3/envs/var/lib/python3.10/site-packages/torch/utils/data/_utils/pin_memory.py:57: DeprecationWarning: The argument 'device' of Tensor.is_pinned() is deprecated. Please do not pass this argument. (Triggered internally at /pytorch/aten/src/ATen/native/Memory.cpp:31.)
  return data.pin_memory(device)
/root/miniconda3/envs/var/lib/python3.10/site-packages/torch/utils/data/_utils/pin_memory.py:57: DeprecationWarning: The argument 'device' of Tensor.pin_memory() is deprecated. Please do not pass this argument. (Triggered internally at /pytorch/aten/src/ATen/native/Memory.cpp:46.)
  return data.pin_memory(device)
/root/miniconda3/envs/var/lib/python3.10/site-packages/torch/utils/data/_utils/pin_memory.py:57: DeprecationWarning: The argument 'device' of Tensor.is_pinned() is deprecated. Please do not pass this argument. (Triggered internally at /pytorch/aten/src/ATen/native/Memory.cpp:31.)
  return data.pin_memory(device)
/root/miniconda3/envs/var/lib/python3.10/site-packages/torch/utils/data/_utils/pin_memory.py:57: DeprecationWarning: The argument 'device' of Tensor.pin_memory() is deprecated. Please do not pass this argument. (Triggered internally at /pytorch/aten/src/ATen/native/Memory.cpp:46.)
  return data.pin_memory(device)
/root/miniconda3/envs/var/lib/python3.10/site-packages/torch/utils/data/_utils/pin_memory.py:57: DeprecationWarning: The argument 'device' of Tensor.is_pinned() is deprecated. Please do not pass this argument. (Triggered internally at /pytorch/aten/src/ATen/native/Memory.cpp:31.)
  return data.pin_memory(device)
/root/miniconda3/envs/var/lib/python3.10/site-packages/torch/utils/data/_utils/pin_memory.py:57: DeprecationWarning: The argument 'device' of Tensor.pin_memory() is deprecated. Please do not pass this argument. (Triggered internally at /pytorch/aten/src/ATen/native/Memory.cpp:46.)
  return data.pin_memory(device)
/root/miniconda3/envs/var/lib/python3.10/site-packages/torch/utils/data/_utils/pin_memory.py:57: DeprecationWarning: The argument 'device' of Tensor.is_pinned() is deprecated. Please do not pass this argument. (Triggered internally at /pytorch/aten/src/ATen/native/Memory.cpp:31.)
  return data.pin_memory(device)
/root/miniconda3/envs/var/lib/python3.10/site-packages/torch/utils/data/_utils/pin_memory.py:57: DeprecationWarning: The argument 'device' of Tensor.pin_memory() is deprecated. Please do not pass this argument. (Triggered internally at /pytorch/aten/src/ATen/native/Memory.cpp:46.)
  return data.pin_memory(device)
/root/miniconda3/envs/var/lib/python3.10/site-packages/torch/utils/data/_utils/pin_memory.py:57: DeprecationWarning: The argument 'device' of Tensor.is_pinned() is deprecated. Please do not pass this argument. (Triggered internally at /pytorch/aten/src/ATen/native/Memory.cpp:31.)
  return data.pin_memory(device)
/root/miniconda3/envs/var/lib/python3.10/site-packages/torch/utils/data/_utils/pin_memory.py:57: DeprecationWarning: The argument 'device' of Tensor.pin_memory() is deprecated. Please do not pass this argument. (Triggered internally at /pytorch/aten/src/ATen/native/Memory.cpp:46.)
  return data.pin_memory(device)
/root/miniconda3/envs/var/lib/python3.10/site-packages/torch/utils/data/_utils/pin_memory.py:57: DeprecationWarning: The argument 'device' of Tensor.is_pinned() is deprecated. Please do not pass this argument. (Triggered internally at /pytorch/aten/src/ATen/native/Memory.cpp:31.)
  return data.pin_memory(device)
/root/miniconda3/envs/var/lib/python3.10/site-packages/torch/utils/data/_utils/pin_memory.py:57: DeprecationWarning: The argument 'device' of Tensor.pin_memory() is deprecated. Please do not pass this argument. (Triggered internally at /pytorch/aten/src/ATen/native/Memory.cpp:46.)
  return data.pin_memory(device)
/root/miniconda3/envs/var/lib/python3.10/site-packages/torch/utils/data/_utils/pin_memory.py:57: DeprecationWarning: The argument 'device' of Tensor.is_pinned() is deprecated. Please do not pass this argument. (Triggered internally at /pytorch/aten/src/ATen/native/Memory.cpp:31.)
  return data.pin_memory(device)
[11-12 17:06:35] (/VAR_train/utils/misc.py, line 314)=> [Ep]: [   0/20]  [1236/4947]  eta: 0:35:42  tlr: 6.3e-05  tnm: 0.00  Lm: 5.952 (5.952)  Lt: -1.000 (-1.000)  Accm: 2.97 (2.97)  Acct: -1.00 (-1.00)  TaskL: 0.0438 (0.0438)  DistillL: 1.4918 (1.4918)  TotalL: 1.5356 (1.5356)  time: 0.5657  data: 0.2573
W1112 17:08:18.277000 1887847 site-packages/torch/distributed/elastic/multiprocessing/api.py:908] Sending process 1887940 closing signal SIGTERM
W1112 17:08:18.278000 1887847 site-packages/torch/distributed/elastic/multiprocessing/api.py:908] Sending process 1887941 closing signal SIGTERM
W1112 17:08:18.279000 1887847 site-packages/torch/distributed/elastic/multiprocessing/api.py:908] Sending process 1887943 closing signal SIGTERM
W1112 17:08:18.279000 1887847 site-packages/torch/distributed/elastic/multiprocessing/api.py:908] Sending process 1887944 closing signal SIGTERM
W1112 17:08:18.279000 1887847 site-packages/torch/distributed/elastic/multiprocessing/api.py:908] Sending process 1887945 closing signal SIGTERM
W1112 17:08:18.280000 1887847 site-packages/torch/distributed/elastic/multiprocessing/api.py:908] Sending process 1887946 closing signal SIGTERM
E1112 17:08:19.209000 1887847 site-packages/torch/distributed/elastic/multiprocessing/api.py:882] failed (exitcode: -9) local_rank: 2 (pid: 1887942) of binary: /root/miniconda3/envs/var/bin/python3.10
Traceback (most recent call last):
  File "/root/miniconda3/envs/var/bin/torchrun", line 7, in <module>
    sys.exit(main())
  File "/root/miniconda3/envs/var/lib/python3.10/site-packages/torch/distributed/elastic/multiprocessing/errors/__init__.py", line 357, in wrapper
    return f(*args, **kwargs)
  File "/root/miniconda3/envs/var/lib/python3.10/site-packages/torch/distributed/run.py", line 936, in main
    run(args)
  File "/root/miniconda3/envs/var/lib/python3.10/site-packages/torch/distributed/run.py", line 927, in run
    elastic_launch(
  File "/root/miniconda3/envs/var/lib/python3.10/site-packages/torch/distributed/launcher/api.py", line 156, in __call__
    return launch_agent(self._config, self._entrypoint, list(args))
  File "/root/miniconda3/envs/var/lib/python3.10/site-packages/torch/distributed/launcher/api.py", line 293, in launch_agent
    raise ChildFailedError(
torch.distributed.elastic.multiprocessing.errors.ChildFailedError: 
========================================================
distill/train_distill.py FAILED
--------------------------------------------------------
Failures:
  <NO_OTHER_FAILURES>
--------------------------------------------------------
Root Cause (first observed failure):
[0]:
  time      : 2025-11-12_17:08:18
  host      : waas
  rank      : 2 (local_rank: 2)
  exitcode  : -9 (pid: 1887942)
  error_file: <N/A>
  traceback : Signal 9 (SIGKILL) received by PID 1887942
========================================================
